---
source: tests/alphabet_tests.rs
expression: upper

---
[
  "A",
  "Á",
  "B",
  "D",
  "Ð",
  "E",
  "É",
  "F",
  "G",
  "H",
  "I",
  "Í",
  "J",
  "K",
  "L",
  "M",
  "N",
  "O",
  "Ó",
  "P",
  "R",
  "S",
  "T",
  "U",
  "Ú",
  "V",
  "W",
  "Y",
  "Ý",
  "Þ",
  "Æ",
  "Ǫ",
  "Ø",
  "Œ"
]
