---
source: tests/alphabet_tests.rs
expression: lower

---
[
  "a",
  "á",
  "b",
  "d",
  "ð",
  "e",
  "é",
  "f",
  "g",
  "h",
  "i",
  "í",
  "j",
  "k",
  "l",
  "m",
  "n",
  "o",
  "ó",
  "p",
  "r",
  "s",
  "t",
  "u",
  "ú",
  "v",
  "w",
  "y",
  "ý",
  "þ",
  "æ",
  "ǫ",
  "ø",
  "œ"
]
